// Jest Snapshot v1, https://goo.gl/fbAQLP

exports[`<Counter /> should match snapshot 1`] = `
<DocumentFragment>
  <div>
    <div>
      hello typescript counter
    </div>
    <div>
      1
    </div>
    <button>
      +++
    </button>
    <button>
      ---
    </button>
  </div>
</DocumentFragment>
`;
